// Jest Snapshot v1, https://goo.gl/fbAQLP

exports[`UserDetail Functionality renders correctly 1`] = `
<RCTScrollView>
  <View>
    <View
      accessibilityComponentType={undefined}
      accessibilityLabel={undefined}
      accessibilityTraits={undefined}
      accessible={true}
      collapsable={undefined}
      hasTVPreferredFocus={undefined}
      hitSlop={undefined}
      isTVSelectable={true}
      nativeID={undefined}
      onLayout={undefined}
      onResponderGrant={[Function]}
      onResponderMove={[Function]}
      onResponderRelease={[Function]}
      onResponderTerminate={[Function]}
      onResponderTerminationRequest={[Function]}
      onStartShouldSetResponder={[Function]}
      style={
        Object {
          "height": 600,
          "opacity": 1,
          "width": 750,
        }
      }
      testID={undefined}
      tvParallaxProperties={undefined}
    >
      <View
        style={
          Array [
            Object {
              "alignItems": "center",
              "backgroundColor": "#ffffff",
              "height": 600,
              "justifyContent": "center",
              "width": 750,
            },
            undefined,
          ]
        }
      >
        <Image
          resizeMode="cover"
          source={
            Object {
              "uri": "https://i.imgur.com/RwrMEtI.jpg",
            }
          }
          style={
            Array [
              Object {
                "bottom": 0,
                "left": 0,
                "position": "absolute",
                "right": 0,
                "top": 0,
              },
              Object {
                "height": undefined,
                "width": undefined,
              },
              undefined,
            ]
          }
        />
        <View
          style={
            Array [
              Object {
                "alignItems": "center",
                "alignSelf": "stretch",
                "backgroundColor": "rgba(0,0,0,0.2)",
                "bottom": 0,
                "flex": 1,
                "justifyContent": "center",
                "left": 0,
                "paddingBottom": 40,
                "paddingLeft": 25,
                "paddingRight": 25,
                "paddingTop": 45,
                "position": "absolute",
                "right": 0,
                "top": 0,
              },
              undefined,
            ]
          }
        >
          <View
            style={
              Array [
                Object {
                  "alignItems": "center",
                  "alignSelf": "center",
                  "justifyContent": "center",
                },
                undefined,
              ]
            }
          />
          <Text
            accessible={true}
            allowFontScaling={true}
            ellipsizeMode="tail"
            style={
              Array [
                Object {},
                undefined,
                undefined,
                undefined,
                Object {
                  "fontSize": 27.5,
                },
                undefined,
                undefined,
                undefined,
                Object {},
                undefined,
                Array [
                  Object {
                    "backgroundColor": "rgba(0,0,0,0)",
                    "color": "#ffffff",
                    "marginBottom": 15,
                    "textAlign": "center",
                  },
                  undefined,
                ],
              ]
            }
          />
          <Text
            accessible={true}
            allowFontScaling={true}
            ellipsizeMode="tail"
            style={
              Array [
                Object {},
                undefined,
                undefined,
                undefined,
                undefined,
                undefined,
                undefined,
                undefined,
                undefined,
                undefined,
                Array [
                  Object {
                    "backgroundColor": "rgba(0,0,0,0)",
                    "color": "#ffffff",
                    "marginBottom": 15,
                    "textAlign": "center",
                  },
                  undefined,
                ],
              ]
            }
          />
        </View>
      </View>
    </View>
    <View
      style={
        Array [
          Object {
            "backgroundColor": "#ffffff",
            "borderColor": "#bbb",
            "borderTopWidth": 1,
            "marginTop": 20,
          },
          undefined,
        ]
      }
    >
      <View
        disabled={false}
        onLongPress={undefined}
        onPress={undefined}
        style={
          Array [
            Object {
              "backgroundColor": "transparent",
              "borderBottomColor": "#bbb",
              "borderBottomWidth": 1,
              "paddingBottom": 10,
              "paddingRight": 10,
              "paddingTop": 10,
            },
            undefined,
            false,
            false,
          ]
        }
        underlayColor="white"
      >
        <View
          style={
            Array [
              Object {
                "flexDirection": "row",
                "marginLeft": 10,
              },
              undefined,
            ]
          }
        >
          <View
            style={
              Object {
                "flex": 1,
                "justifyContent": "center",
              }
            }
          >
            <View
              style={undefined}
            >
              <Text
                accessible={true}
                allowFontScaling={true}
                ellipsizeMode="tail"
                numberOfLines={1}
                style={
                  Array [
                    Object {},
                    undefined,
                    undefined,
                    undefined,
                    undefined,
                    undefined,
                    undefined,
                    undefined,
                    undefined,
                    undefined,
                    Array [
                      Object {
                        "color": "#43484d",
                        "fontSize": 17.5,
                      },
                      Object {
                        "marginLeft": 10,
                      },
                      undefined,
                      undefined,
                    ],
                  ]
                }
              >
                Initiate Class
              </Text>
            </View>
            <View
              style={undefined}
            >
              <View />
            </View>
          </View>
          <View
            style={
              Array [
                Object {
                  "alignItems": "flex-end",
                  "flex": 1,
                  "justifyContent": "center",
                },
                undefined,
              ]
            }
          >
            <Text
              accessible={true}
              allowFontScaling={true}
              ellipsizeMode="tail"
              numberOfLines={1}
              style={
                Array [
                  Object {},
                  undefined,
                  undefined,
                  undefined,
                  undefined,
                  undefined,
                  undefined,
                  undefined,
                  undefined,
                  undefined,
                  Array [
                    Object {
                      "color": "#bdc6cf",
                      "marginRight": 5,
                    },
                    Object {
                      "color": "#444",
                    },
                  ],
                ]
              }
            >
              Alpha
            </Text>
          </View>
        </View>
      </View>
      <View
        disabled={false}
        onLongPress={undefined}
        onPress={undefined}
        style={
          Array [
            Object {
              "backgroundColor": "transparent",
              "borderBottomColor": "#bbb",
              "borderBottomWidth": 1,
              "paddingBottom": 10,
              "paddingRight": 10,
              "paddingTop": 10,
            },
            undefined,
            false,
            false,
          ]
        }
        underlayColor="white"
      >
        <View
          style={
            Array [
              Object {
                "flexDirection": "row",
                "marginLeft": 10,
              },
              undefined,
            ]
          }
        >
          <View
            style={
              Object {
                "flex": 1,
                "justifyContent": "center",
              }
            }
          >
            <View
              style={undefined}
            >
              <Text
                accessible={true}
                allowFontScaling={true}
                ellipsizeMode="tail"
                numberOfLines={1}
                style={
                  Array [
                    Object {},
                    undefined,
                    undefined,
                    undefined,
                    undefined,
                    undefined,
                    undefined,
                    undefined,
                    undefined,
                    undefined,
                    Array [
                      Object {
                        "color": "#43484d",
                        "fontSize": 17.5,
                      },
                      Object {
                        "marginLeft": 10,
                      },
                      undefined,
                      undefined,
                    ],
                  ]
                }
              >
                Preferred Pronouns
              </Text>
            </View>
            <View
              style={undefined}
            >
              <View />
            </View>
          </View>
          <View
            style={
              Array [
                Object {
                  "alignItems": "flex-end",
                  "flex": 1,
                  "justifyContent": "center",
                },
                undefined,
              ]
            }
          >
            <Text
              accessible={true}
              allowFontScaling={true}
              ellipsizeMode="tail"
              numberOfLines={1}
              style={
                Array [
                  Object {},
                  undefined,
                  undefined,
                  undefined,
                  undefined,
                  undefined,
                  undefined,
                  undefined,
                  undefined,
                  undefined,
                  Array [
                    Object {
                      "color": "#bdc6cf",
                      "marginRight": 5,
                    },
                    Object {
                      "color": "#444",
                    },
                  ],
                ]
              }
            >
              h/h/h
            </Text>
          </View>
        </View>
      </View>
    </View>
    <View
      style={
        Array [
          Object {
            "backgroundColor": "#ffffff",
            "borderColor": "#bbb",
            "borderTopWidth": 1,
            "marginTop": 20,
          },
          undefined,
        ]
      }
    >
      <View
        accessibilityComponentType={undefined}
        accessibilityLabel={undefined}
        accessibilityTraits={undefined}
        accessible={true}
        hasTVPreferredFocus={undefined}
        hitSlop={undefined}
        isTVSelectable={true}
        nativeID={undefined}
        onLayout={undefined}
        onResponderGrant={[Function]}
        onResponderMove={[Function]}
        onResponderRelease={[Function]}
        onResponderTerminate={[Function]}
        onResponderTerminationRequest={[Function]}
        onStartShouldSetResponder={[Function]}
        style={
          Array [
            Object {
              "backgroundColor": "transparent",
            },
            Array [
              Object {
                "backgroundColor": "transparent",
                "borderBottomColor": "#bbb",
                "borderBottomWidth": 1,
                "paddingBottom": 10,
                "paddingRight": 10,
                "paddingTop": 10,
              },
              undefined,
              false,
              false,
            ],
          ]
        }
        testID={undefined}
        tvParallaxProperties={undefined}
      >
        <View
          style={
            Array [
              Object {
                "flexDirection": "row",
                "marginLeft": 10,
              },
              undefined,
            ]
          }
        >
          <View
            style={
              Object {
                "flex": 1,
                "justifyContent": "center",
              }
            }
          >
            <View
              style={undefined}
            >
              <Text
                accessible={true}
                allowFontScaling={true}
                ellipsizeMode="tail"
                numberOfLines={1}
                style={
                  Array [
                    Object {},
                    undefined,
                    undefined,
                    undefined,
                    undefined,
                    undefined,
                    undefined,
                    undefined,
                    undefined,
                    undefined,
                    Array [
                      Object {
                        "color": "#43484d",
                        "fontSize": 17.5,
                      },
                      Object {
                        "marginLeft": 10,
                      },
                      undefined,
                      undefined,
                    ],
                  ]
                }
              >
                Email
              </Text>
            </View>
            <View
              style={undefined}
            >
              <View />
            </View>
          </View>
          <View
            style={
              Array [
                Object {
                  "alignItems": "flex-end",
                  "flex": 1,
                  "justifyContent": "center",
                },
                undefined,
              ]
            }
          >
            <Text
              accessible={true}
              allowFontScaling={true}
              ellipsizeMode="tail"
              numberOfLines={1}
              style={
                Array [
                  Object {},
                  undefined,
                  undefined,
                  undefined,
                  undefined,
                  undefined,
                  undefined,
                  undefined,
                  undefined,
                  undefined,
                  Array [
                    Object {
                      "color": "#bdc6cf",
                      "marginRight": 5,
                    },
                    Object {
                      "color": "#444",
                    },
                  ],
                ]
              }
            >
              a@a.a
            </Text>
          </View>
        </View>
      </View>
      <View
        accessibilityComponentType={undefined}
        accessibilityLabel={undefined}
        accessibilityTraits={undefined}
        accessible={true}
        hasTVPreferredFocus={undefined}
        hitSlop={undefined}
        isTVSelectable={true}
        nativeID={undefined}
        onLayout={undefined}
        onResponderGrant={[Function]}
        onResponderMove={[Function]}
        onResponderRelease={[Function]}
        onResponderTerminate={[Function]}
        onResponderTerminationRequest={[Function]}
        onStartShouldSetResponder={[Function]}
        style={
          Array [
            Object {
              "backgroundColor": "transparent",
            },
            Array [
              Object {
                "backgroundColor": "transparent",
                "borderBottomColor": "#bbb",
                "borderBottomWidth": 1,
                "paddingBottom": 10,
                "paddingRight": 10,
                "paddingTop": 10,
              },
              undefined,
              false,
              false,
            ],
          ]
        }
        testID={undefined}
        tvParallaxProperties={undefined}
      >
        <View
          style={
            Array [
              Object {
                "flexDirection": "row",
                "marginLeft": 10,
              },
              undefined,
            ]
          }
        >
          <View
            style={
              Object {
                "flex": 1,
                "justifyContent": "center",
              }
            }
          >
            <View
              style={undefined}
            >
              <Text
                accessible={true}
                allowFontScaling={true}
                ellipsizeMode="tail"
                numberOfLines={1}
                style={
                  Array [
                    Object {},
                    undefined,
                    undefined,
                    undefined,
                    undefined,
                    undefined,
                    undefined,
                    undefined,
                    undefined,
                    undefined,
                    Array [
                      Object {
                        "color": "#43484d",
                        "fontSize": 17.5,
                      },
                      Object {
                        "marginLeft": 10,
                      },
                      undefined,
                      undefined,
                    ],
                  ]
                }
              >
                Phone
              </Text>
            </View>
            <View
              style={undefined}
            >
              <View />
            </View>
          </View>
          <View
            style={
              Array [
                Object {
                  "alignItems": "flex-end",
                  "flex": 1,
                  "justifyContent": "center",
                },
                undefined,
              ]
            }
          >
            <Text
              accessible={true}
              allowFontScaling={true}
              ellipsizeMode="tail"
              numberOfLines={1}
              style={
                Array [
                  Object {},
                  undefined,
                  undefined,
                  undefined,
                  undefined,
                  undefined,
                  undefined,
                  undefined,
                  undefined,
                  undefined,
                  Array [
                    Object {
                      "color": "#bdc6cf",
                      "marginRight": 5,
                    },
                    Object {
                      "color": "#444",
                    },
                  ],
                ]
              }
            >
              9999999999
            </Text>
          </View>
        </View>
      </View>
    </View>
  </View>
</RCTScrollView>
`;
